<!doctype html public "-//w3c//dtd html 4.0 transitional//en">
<html><head>
<title>Static Call Graph - [.\Objects\exercicio.axf]</title></head>
<body><HR>
<H1>Static Call Graph for image .\Objects\exercicio.axf</H1><HR>
<BR><P>#&#060CALLGRAPH&#062# ARM Linker, 6190004: Last Updated: Sat Nov 25 16:57:16 2023
<BR><P>
<H3>Maximum Stack Usage =          0 bytes + Unknown(Untraceable Function Pointers)</H3><H3>
Call chain for Maximum Stack Depth:</H3>

<P>
<H3>
Function Pointers
</H3><UL>
 <LI><a href="#[0]">Reset_Handler</a> from main.o(MY_STARTUP) referenced from main.o(RESET)
 <LI><a href="#[1]">__main</a> from main.o(QUESTAO) referenced from main.o(MY_STARTUP)
</UL>
<P>
<H3>
Global Symbols
</H3>
<P><STRONG><a name="[0]"></a>Reset_Handler</STRONG> (Thumb, 4 bytes, Stack size 0 bytes, main.o(MY_STARTUP))
<BR>[Address Reference Count : 1]<UL><LI> main.o(RESET)
</UL><P>
<H3>
Local Symbols
</H3>
<P><STRONG><a name="[1]"></a>__main</STRONG> (Thumb, 30 bytes, Stack size 0 bytes, main.o(QUESTAO))
<BR><BR>[Calls]<UL><LI><a href="#[2]">&gt;&gt;</a>&nbsp;&nbsp;&nbsp;CALC
</UL>
<BR>[Address Reference Count : 1]<UL><LI> main.o(MY_STARTUP)
</UL>
<P><STRONG><a name="[2]"></a>CALC</STRONG> (Thumb, 4 bytes, Stack size 0 bytes, main.o(QUESTAO))
<BR><BR>[Called By]<UL><LI><a href="#[1]">&gt;&gt;</a>&nbsp;&nbsp;&nbsp;__main
</UL>
<P>
<H3>
Undefined Global Symbols
</H3><HR></body></html>
